---
source: tui/src/status/tests.rs
expression: sanitized
---
/status

╭───────────────────────────────────────────────────────────────────────╮
│  >_ OpenAI Codex (v1.0.0)                                             │
│                                                                       │
│ 访问 https://chatgpt.com/codex/settings/usage 获取最新                │
│ 限额和积分信息                                                        │
│                                                                       │
│  模型:           gpt-5.1-codex-max (推理 none, 摘要 auto)             │
│  目录:           /workspace/tests                                     │
│  权限:           自定义 (read-only, on-request)                       │
│  Agents.md:      ../AGENTS.md                                         │
│                                                                       │
│  Token usage:    1.2K 总计  (800 输入 + 400 输出)                     │
│  Context window:   剩余 100% (1.2K 已用 / 272K)                       │
│  Monthly 限额:   [██████████████████░░] 剩余 88% (resets 7 May 07:08) │
╰───────────────────────────────────────────────────────────────────────╯
