---
source: tui/src/status/tests.rs
assertion_line: 1015
expression: sanitized
---
/status

╭─────────────────────────────────────────────────────────────╮
│  >_ OpenAI Codex (v0.0.0)                                   │
│                                                             │
│ 访问 https://chatgpt.com/codex/settings/usage 获取最新      │
│ 限额与额度信息                                              │
│                                                             │
│  模型:         gpt-5.1-codex-max (推理 无, 总结 自动)       │
│  目录:         /workspace/tests                             │
│  权限:         自定义 (read-only, on-request)               │
│  Agents.md:    无                                           │
│                                                             │
│  Token 用量:   1.9K 总计  (1K 输入 + 900 输出)              │
│  上下文窗口:   剩余 100% (2.25K 已用 / 272K)                │
│  5小时限额:    [██████░░░░░░░░░░░░░░] 剩余 28% (重置 03:14) │
│  每周限额:     [████████████░░░░░░░░] 剩余 60% (重置 03:34) │
│  警告:         限额可能已过期 - 请开始新回合刷新。          │
╰─────────────────────────────────────────────────────────────╯
