---
source: tui/src/history_cell.rs
assertion_line: 3264
expression: rendered
---
/mcp

🔌  MCP 工具

  • docs
    • 状态：已启用
    • 授权：不支持
    • 命令：docs-server
    • 环境变量：TOKEN=*****, APP_TOKEN=*****
    • 工具：list
    • 资源：（无）
    • 资源模板：（无）

  • http
    • 状态：已启用
    • 授权：不支持
    • URL：https://example.com/mcp
    • HTTP 请求头：Authorization=*****
    • 环境变量请求头：X-API-Key=API_KEY_ENV
    • 工具：ping
    • 资源：（无）
    • 资源模板：（无）
