---
source: tui/src/bottom_pane/approval_overlay.rs
expression: "render_overlay_lines(&view, 80)"
---
  Would you like to run the following command?

  Thread: Robie [explorer]

  $ echo hi

› 1. Yes, proceed (y)
  2. No, and tell Codex what to do differently (esc)

  按 Enter 确认，按 Esc 取消 or o to open thread
