---
source: tui_app_server/src/bottom_pane/skills_toggle_view.rs
expression: "render_lines(&view, 72)"
---
                                                                        
  Enable/Disable Skills                                                 
  Turn skills on or off. Your changes are saved automatically.          
                                                                        
  输 入 以 搜 索 技 能                                                         
  >                                                                     
› [x] Repo Scout        Summarize the repo layout                       
  [ ] Changelog Writer  Draft release notes                             
                                                                        
  按  space 或  enter 切 换 ； 按  esc 关 闭
