---
source: tui/src/bottom_pane/chat_composer.rs
expression: terminal.backend()
---
"                                                            "
"› 让 Codex 处理任何事情                                  "
"                                                            "
"                                                            "
"                                                            "
"                                                            "
"                                                            "
"                                                            "
"  ? for shortcuts                        100% context left  "
