---
source: tui_app_server/src/bottom_pane/app_link_view.rs
expression: "render_snapshot(&view, Rect::new(0, 0, 72, view.desired_height(72)))"
---

  Google Calendar
  Plan events and schedules.

  Plan and reference events from your calendar

  Install this app in your browser, then return here.
  新 安 装 的 应 用 可 能 需 要 几 分 钟 后 才 会 出 现 在  /apps 中 。
  安 装 后 ， 使 用  $ 将 此 应 用 插 入 提 示 词 。


  › 1. 在  ChatGPT 中 安 装
    2. 返 回
  使 用  tab / ↑ ↓ 移 动 ， enter 选 择 ， esc 关 闭
