---
source: tui_app_server/src/bottom_pane/approval_overlay.rs
expression: "normalize_snapshot_paths(render_overlay_lines(&view, 120))"
---

  要 授 予 这 些 权 限 吗 ？

  原 因 ： need workspace access

  权 限 规 则 ： 网 络 ; 读 取  `/tmp/readme.txt`; 写 入  `/tmp/out.txt`

› 1. 是 ， 授 予 这 些 权 限  (y)
  2. 是 ， 本 次 会 话 授 予 这 些 权 限  (a)
  3. 否 ， 不 授 予 权 限 并 继 续  (n)

  按  enter 确 认 ， 或 按  esc 取 消
