---
source: tui_app_server/src/bottom_pane/mcp_server_elicitation.rs
expression: "render_snapshot(&overlay, Rect::new(0, 0, 120, 16))"
---
                                                                                                                        
  字 段  1/1                                                                                                              
  Allow this request?                                                                                                   
  › 1. 允 许   运 行 该 工 具 并 继 续 。                                                                                          
    2. 取 消   取 消 这 次 工 具 调 用                                                                                            
                                                                                                                        
                                                                                                                        
                                                                                                                        
                                                                                                                        
                                                                                                                        
                                                                                                                        
                                                                                                                        
                                                                                                                        
                                                                                                                        
  Enter 提 交  | Esc 取 消
