---
source: tui/src/bottom_pane/mcp_server_elicitation.rs
expression: "render_snapshot(&overlay, Rect::new(0, 0, 120, 16))"
---
                                                                                                                        
  字 段  1/1（ 1 个 必 填 未 答 ）                                                                                               
  允 许 此 请 求 吗 ？                                                                                                         
                                                                                                                        
  Confirm                                                                                                               
  Approve the pending action.                                                                                           
  › 1. 是                                                                                                                
    2. 否                                                                                                                
                                                                                                                        
                                                                                                                        
                                                                                                                        
                                                                                                                        
                                                                                                                        
                                                                                                                        
  Enter 提 交  | Esc 取 消
