---
source: tui_app_server/src/bottom_pane/chat_composer.rs
expression: terminal.backend()
---
"                                                                                                    "
"› [粘贴内容 1003 字][粘贴内容 1007 字] another short paste                                          " Hidden by multi-width symbols: [(4, "o"), (6, "t"), (8, " "), (10, " "), (18, " "), (22, " "), (24, " "), (26, " "), (28, " "), (36, " ")]
"                                                                                                    "
"                                                                                                    "
"                                                                                                    "
"                                                                                                    "
"                                                                                                    "
"                                                                                                    "
"                                                                                                    "
"                                                                                   剩余上下文 100%  " Hidden by multi-width symbols: [(84, " "), (86, " "), (88, " "), (90, " "), (92, " ")]
