---
source: tui/src/bottom_pane/list_selection_view.rs
expression: render_lines(&view)
---
                                                
  Select Approval Mode                          
                                                
› 1. 只读（当前）  可读取文件  
  2. 完全访问          可编辑文件  
                                                
  按 enter 确认，按 esc 返回
