---
source: tui/src/bottom_pane/request_user_input/mod.rs
expression: "render_snapshot(&overlay, area)"
---
                                                                                                                        
  问 题  1/1（ 1 个 未 回 答 ）                                                                                                 
  你 接 下 来 想 做 什 么 ？                                                                                                     
                                                                                                                        
    1. 讨 论 代 码 改 动 （ 推 荐 ）   一 起 过 一 遍 计 划 并 协 作 修 改 代 码 。                                                              
    2. 运 行 测 试               选 择 一 个  crate 并 运 行 其 测 试 。                                                               
    3. 审 查 差 异               总 结 或 审 查 当 前 改 动 。                                                                        
  › 4. 重 构                   收 紧 结 构 并 移 除 死 代 码 。                                                                      
    5. 完 成 交 付               完 成 收 尾 并 创 建  PR。                                                                         
                                                                                                                        
  Tab 添 加 备 注  | Enter 提 交 当 前 回 答  | Esc 中 断
