---
source: tui/src/chatwidget/tests.rs
expression: terminal.backend()
---
"                                                                                "
"• 处理中 (0s • esc 可中断) · 1 个后台终端运行中 · /ps 查看 · /stop 关闭         " Hidden by multi-width symbols: [(3, " "), (5, " "), (7, " "), (20, " "), (22, " "), (24, " "), (32, " "), (34, " "), (36, " "), (38, " "), (40, " "), (42, " "), (44, " "), (46, " "), (55, " "), (57, " "), (68, " "), (70, " ")]
"                                                                                "
"                                                                                "
"› 让 Codex 处理任何事情                                                         " Hidden by multi-width symbols: [(3, " "), (12, " "), (14, " "), (16, " "), (18, " "), (20, " "), (22, " ")]
"                                                                                "
"  ? 查看快捷键                                                 剩余上下文 100%  " Hidden by multi-width symbols: [(5, " "), (7, " "), (9, " "), (11, " "), (13, " "), (64, " "), (66, " "), (68, " "), (70, " "), (72, " ")]
