---
source: tui_app_server/src/chatwidget/tests.rs
expression: terminal.backend()
---
"                                                                                "
"• Analyzing (0s • esc 可中断)                                                   " Hidden by multi-width symbols: [(23, " "), (25, " "), (27, " ")]
"                                                                                "
"                                                                                "
"› Ask Codex to do anything                                                      "
"                                                                                "
"  ? 查看快捷键                                                 剩余上下文 100%  " Hidden by multi-width symbols: [(5, " "), (7, " "), (9, " "), (11, " "), (13, " "), (64, " "), (66, " "), (68, " "), (70, " "), (72, " ")]
