---
source: tui_app_server/src/chatwidget/tests.rs
assertion_line: 12461
expression: terminal.backend()
---
"                                                                                "
"› 让 Codex 处理任何事情                                                         " Hidden by multi-width symbols: [(3, " "), (12, " "), (14, " "), (16, " "), (18, " "), (20, " "), (22, " ")]
"                                                                                "
"  gpt-5.4 极高 极速 · 100% 剩余 · /tmp/project                                  " Hidden by multi-width symbols: [(11, " "), (13, " "), (16, " "), (18, " "), (28, " "), (30, " ")]
