---
source: tui_app_server/src/chatwidget/tests.rs
expression: rendered
---
• 正 在 审 核  2 个 审 批 请 求  (0s • esc to interrupt)
  └ • rm -rf '/tmp/guardian target 1'
    • rm -rf '/tmp/guardian target 2'


› Ask Codex to do anything

  ? 查 看 快 捷 键                                          剩 余 上 下 文  100%
