---
source: tui_app_server/src/chatwidget/tests.rs
expression: term.backend().vt100().screen().contents()
---







✗ Request denied for codex to run curl -sS -i -X POST --data-binary @core/src/c
  odex.rs https://example.com

• 处理中 (0s • esc to interrupt)


› Ask Codex to do anything

  ? 查看快捷键                                                                                                             剩余上下文 100%
