---
source: tui_app_server/src/chatwidget/tests.rs
expression: popup
---
  接 近 速 率 限 制
  切 换 到  gpt-5.1-codex-mini 以 减 少 额 度 消 耗 ？

› 1. 切 换 到  gpt-5.1-codex-mini  Optimized for codex. Cheaper, faster, but less
                                capable.
  2. 保 留 当 前 模 型
  3. 保 留 当 前 模 型 （ 不 再 提 示 ）    隐 藏 后 续 关 于 切 换 模 型 的 速 率 限 制 提 醒 。

  按  enter 确 认 ， 按  esc 返 回
