---
source: tui/src/chatwidget/tests.rs
expression: terminal.backend()
---
"                                                                                "
"• Booting MCP server: alpha (0s • esc to interrupt)                             "
"                                                                                "
"                                                                                "
"› 让 Codex 处理任何事情                                                      "
"                                                                                "
"  ? for shortcuts                                            100% context left  "
