---
source: tui/src/chatwidget/tests.rs
assertion_line: 9237
expression: term.backend().vt100().screen().contents()
---





✔ Auto-reviewer approved codex to run rm -f /tmp/guardian-approved.sqlite this
  time


› 让 Codex 处理任何事情

  ? for shortcuts                                                                                    100% context left
