---
source: tui/src/chatwidget/tests.rs
expression: terminal.backend()
---
"                                                                                "
"• Working (0s • esc to interrupt) · 1 background terminal running · /ps to view…"
"                                                                                "
"                                                                                "
"› 让 Codex 处理任何事情                                                      "
"                                                                                "
"  ? for shortcuts                                            100% context left  "
