---
source: tui_app_server/src/chatwidget/tests.rs
expression: popup
---
  为  gpt-5.1-codex-max 选 择 推 理 级 别

  1. 低                   更 快 响 应 ， 较 轻 推 理
  2. 中 （ 默 认 ）           平 衡 速 度 与 推 理 深 度 ， 适 合 日 常 任 务
  3. 高                   更 深 的 推 理 深 度 ， 适 合 复 杂 问 题
› 4. Extra high（ 当 前 ）   超 高 推 理 深 度 ， 适 合 复 杂 问 题
                         ⚠ Extra high 推 理 强 度 可 能 会 快 速 消 耗  Plus 计 划 的 速 率 限
                         制 额 度 。

  按  enter 确 认 ， 按  esc 返 回
