---
source: tui_app_server/src/chatwidget/tests.rs
expression: term.backend().vt100().screen().contents()
---









• 处理中 (0s • esc 可中断)

• Queued follow-up messages
  ↳ Queued while /review is running.
    ⌥ + ↑ edit last queued message

› 让 Codex 处理任何事情

  ? 查看快捷键                                                 剩余上下文 100%
