---
source: tui/src/buddy/mod.rs
expression: snapshot_buffer(&buf)
---
  .-----------------------------.
  | 在 输 入 框 旁 落 了 座 。                    |
  '-----------------------------.
    \
   ,_,
  ( ^_^ )
  /)___(\\
  Talon ★ 常 见  猫 头 鹰  · 可 见  · 坐 立 不 安
  峰 值  耐 心  69 · 无  · 叉 叉 眼  · 逗 你  · 抚 摸  0
