---
source: tui/src/buddy/mod.rs
expression: snapshot_buffer(&buf)
---
  .------------------------------.
  | has taken a perch beside the |
  | composer.                    |
  '------------------------------.
    \
   ,_,
  ( ^_^ )
  /)___(\\
  Talon ★ common owl · visible · fidgety
  peak PATIENCE 69 · none · cross eyes · teasing · pets 0
