---
source: tui/src/buddy/mod.rs
expression: snapshot_buffer(&buf)
---
  .-----------------------------------.
  | gives a solemn blink that somehow |
  | feels affectionate                |
  '-----------------------------------.
    \
     <3    <3
    ,_,
   ( v^v )
   /)___(\\
  Talon ★ common owl · visible · thrilled
  peak PATIENCE 69 · none · cross eyes · purring · pets 1
