---
source: tui/src/buddy/mod.rs
expression: snapshot_buffer(&buf)
---
  .-----------------------------------------------.
  | 安 坐 下 来 ， 那 目 光 带 着 奇 妙 的 管 理
  | 气 场 。                                            |
  '-----------------------------------------------.
    \
   ,_,
  ( ^_^ )
  /)___(\\
  Talon ★ 常 见  猫 头 鹰  · 可 见  · 坐 立 不 安
