---
source: tui/src/buddy/mod.rs
expression: snapshot_buffer(&buf)
---
  .--------------------------------------------.
  | 郑 重 地 眨 了 下 眼 ， 却 莫 名 亲 切 。
  '--------------------------------------------.
    \
     <3    <3
    ,_,
   ( v^v )
   /)___(\\
  Talon ★ 常 见  猫 头 鹰  · 可 见  · 兴 奋
  峰 值  耐 心  69 · 无  · 叉 叉 眼  · 呼 噜 中  · 抚 摸  1
