---
source: tui/src/buddy/mod.rs
expression: snapshot_buffer(&buf)
---
  .------------------------------------.
  | settles in with a stare that feels |
  | strangely managerial               |
  '------------------------------------.
    \
   ,_,
  ( ^_^ )
  /)___(\\
  Talon ★ common owl · visible · fidgety
  peak PATIENCE 69 · none · cross eyes · hatching · pets 0
