---
source: tui/src/buddy/mod.rs
expression: snapshot_buffer(&buf)
---
  .------------------------------------.
  | settles in with a stare that feels |
  | strangely managerial               |
  '------------------------------------.
    \
    ,_,
   ( x_x )
   /)___(\\
  Talon ★ common owl · visible · chatty
  peak PATIENCE 69 · none · cross eyes · hatching · pets 0
