---
source: tui/src/buddy/mod.rs
expression: snapshot_buffer(&buf)
---
  .------------------------------.
  | has taken a perch beside the |
  | composer.                    |
  '------------------------------.
    \
    ,_,
   ( x_x )
   /)___(\\
  Talon ★ common owl · visible · chatty
  peak PATIENCE 69 · none · cross eyes · teasing · pets 0
