---
source: tui/src/bottom_pane/chat_composer.rs
expression: terminal.backend()
---
"                                                                                                    "
"› $sa                                                                                               "
"                                                                                                    "
"                                                                                                    "
"                                                                                                    "
"                                                                                                    "
"  Sample 插件  [插件] 插件 that includes the Figma MCP server and Skills for common workflows "
"                                                                                                    "
"  按 enter to insert or esc to close                                                             "
