---
source: tui/src/bottom_pane/chat_composer.rs
expression: terminal.backend()
---
"                                                                                                    "
"› 让 Codex 处理任何事情                                                                             " Hidden by multi-width symbols: [(3, " "), (12, " "), (14, " "), (16, " "), (18, " "), (20, " "), (22, " ")]
"                                                                                                    "
"                                                                                                    "
"                                                                                                    "
"                                                                                                    "
"                                                                                                    "
"                                                                                                    "
"  ctrl + c 再按一次可退出                                                                           " Hidden by multi-width symbols: [(12, " "), (14, " "), (16, " "), (18, " "), (20, " "), (22, " "), (24, " ")]
