---
source: tui/src/bottom_pane/chat_composer.rs
expression: terminal.backend()
---
"                                                  "
"› Test                                            "
"                                                  "
"                                                  "
"                                                  "
"                                                  "
"                                                  "
"                                                  "
"  tab 排队消息                    剩余上下文 98%  " Hidden by multi-width symbols: [(7, " "), (9, " "), (11, " "), (13, " "), (35, " "), (37, " "), (39, " "), (41, " "), (43, " ")]
