---
source: tui/src/bottom_pane/chat_composer.rs
expression: terminal.backend()
---
"                                                                                                    "
"› [粘贴内容 1005 字]                                                                                " Hidden by multi-width symbols: [(4, "o"), (6, "t"), (8, " "), (10, " "), (18, " ")]
"                                                                                                    "
"                                                                                                    "
"                                                                                                    "
"                                                                                                    "
"                                                                                                    "
"                                                                                                    "
"                                                                                                    "
"                                                                                   剩余上下文 100%  " Hidden by multi-width symbols: [(84, " "), (86, " "), (88, " "), (90, " "), (92, " ")]
