---
source: tui/src/bottom_pane/chat_composer.rs
expression: terminal.backend()
---
"                                                                        "
"› $goog                                                                 "
"                                                                        "
"                                                                        "
"  Google Calendar  [插件] Connect Google Calendar for scheduling, ava…"
"  Google Calendar  [技能] Find availability and plan event changes     "
"  Google Calendar  [应用] Look up events and availability                "
"                                                                        "
"  按 enter to insert or esc to close                                 "
