---
source: tui/src/bottom_pane/status_line_setup.rs
expression: "render_lines(&view, 72)"
---

  配 置 状 态 栏
  选 择 要 在 状 态 栏 中 显 示 的 项 目

  输 入 搜 索
  >
› [x] model                 当 前 模 型 名 称
  [x] current-dir           当 前 工 作 目 录
  [x] git-branch            当 前  Git 分 支 （ 不 可 用 时 省 略 ）
  [ ] model-with-reasoning  当 前 模 型 名 称 及 推 理 级 别
  [ ] project-name          项 目 根 目 录 （ 不 可 用 时 省 略 ）
  [ ] run-state             会 话 状 态 文 本 （ 就 绪 /处 理 中 /思 考 中 ）
  [ ] context-remaining     上 下 文 窗 口 剩 余 百 分 比 （ 未 知 时 省 略 ）
  [ ] context-used          上 下 文 窗 口 已 用 百 分 比 （ 未 知 时 省 略 ）

  gpt-5-codex · ~/codex-rs · jif/statusline-preview
  使 用  ↑↓ 导 航 ， ←→ 移 动 ， 空 格 选 择 ， 回 车 确 认 ， Esc 取 消 。
