---
source: tui/src/bottom_pane/mcp_server_elicitation.rs
expression: "render_snapshot(&overlay, Rect::new(0, 0, 120, 16))"
---
                                                                                                                        
  字 段  1/1                                                                                                              
  Allow Calendar to create an event                                                                                     
                                                                                                                        
  Calendar: primary                                                                                                     
  Title: Roadmap review                                                                                                 
  Notes: This is a deliberately long note that should truncate bef...                                                   
                                                                                                                        
  › 1. 允 许   运 行 工 具 并 继 续                                                                                              
    2. 取 消   取 消 此 工 具 调 用                                                                                              
                                                                                                                        
                                                                                                                        
                                                                                                                        
                                                                                                                        
  回 车 提 交  | esc 取 消
