---
source: tui/src/bottom_pane/chat_composer.rs
expression: terminal.backend()
---
"                                                                                                    "
"› Ask Codex to do anything                                                                          "
"                                                                                                    "
"                                                                                                    "
"                                                                                                    "
"                                                                                                    "
"                                                                                                    "
"                                                                                                    "
"  ctrl + c 再按一次可退出                                                                           " Hidden by multi-width symbols: [(12, " "), (14, " "), (16, " "), (18, " "), (20, " "), (22, " "), (24, " ")]
