---
source: tui/src/bottom_pane/mcp_server_elicitation.rs
assertion_line: 2442
expression: "render_snapshot(&overlay, Rect::new(0, 0, 120, 16))"
---
                                                                                                                        
  字 段  1/1                                                                                                              
  Boolean elicit MCP example: do you confirm?                                                                           
  › 1. 允 许   允 许 此 请 求 并 继 续 。                                                                                          
    2. 拒 绝   拒 绝 此 请 求 并 继 续 。                                                                                          
    3. 取 消   取 消 此 请 求                                                                                                  
                                                                                                                        
                                                                                                                        
                                                                                                                        
                                                                                                                        
                                                                                                                        
                                                                                                                        
                                                                                                                        
                                                                                                                        
  回 车 提 交  | esc 取 消
