---
source: tui/src/bottom_pane/chat_composer.rs
expression: terminal.backend()
---
"                                                                                                    "
"› Ask Codex to do anything                                                                          "
"                                                                                                    "
"                                                                                                    "
"                                                                                                    "
"                                                                                                    "
"                                                                                                    "
"                                                                                                    "
"  / 命令                             ! shell 命令                                   "
"  shift + enter 换行                  tab 排队消息                                   "
"  @ 文件路径                           ctrl + v 粘贴图片                               "
"  ctrl + g 外部编辑器编辑        esc 再次编辑上一条消息                     "
"  ctrl + c 退出                                                                                  "
"  ctrl + t 查看对话记录                                                                       "
