---
source: tui/src/bottom_pane/mod.rs
expression: "render_snapshot(&pane, area)"
---
• 处 理 中  (0秒  • esc 可 中 断 )                     
                                                
                                                
› 让  Codex 处 理 任 何 事 情                          
                                                
  ? 查 看 快 捷 键                  剩 余 上 下 文  100%
