---
source: tui/src/bottom_pane/chat_composer.rs
expression: terminal.backend()
---
"                                        "
"› Test                                  "
"                                        "
"                                        "
"                                        "
"                                        "
"                                        "
"                                        "
"  tab 排队 · 计划模式   剩余上下文 98%  " Hidden by multi-width symbols: [(7, " "), (9, " "), (14, " "), (16, " "), (18, " "), (20, " "), (25, " "), (27, " "), (29, " "), (31, " "), (33, " ")]
