---
source: tui/src/bottom_pane/chat_composer.rs
expression: terminal.backend()
---
"                                                            "
"› /mo                                                       "
"                                                            "
"                                                            "
"  /model  选择模型和推理强度                                   "
