---
source: tui/src/bottom_pane/list_selection_view.rs
expression: render_lines(&view)
---
                                                
  选 择 审 批 模 式                                   
  在  Codex 审 批 预 设 之 间 切 换                      
                                                
› 1. 只 读  (当 前 )  Codex 可 以 读 取 文 件             
  2. 完 全 访 问      Codex 可 以 编 辑 文 件             
                                                
  按  enter 确 认 或 按  esc 返 回
