---
source: tui/src/bottom_pane/chat_composer.rs
expression: terminal.backend()
---
"                                                            "
"› Ask Codex to do anything                                  "
"                                                            "
"                                                            "
"                                                            "
"                                                            "
"                                                            "
"                                                            "
"  ? 查看快捷键                        100% 上下文剩余  "
