---
source: tui/src/bottom_pane/footer.rs
expression: terminal.backend()
---
"  ? 查看快捷键 · 计划模式 (shift+tab 切换模式)                                                          剩余上下文 50%  " Hidden by multi-width symbols: [(5, " "), (7, " "), (9, " "), (11, " "), (13, " "), (18, " "), (20, " "), (22, " "), (24, " "), (38, " "), (40, " "), (42, " "), (44, " "), (105, " "), (107, " "), (109, " "), (111, " "), (113, " ")]
