---
source: tui/src/bottom_pane/approval_overlay.rs
expression: "normalize_snapshot_paths(render_overlay_lines(&view, 120))"
---

  是 否 授 予 这 些 权 限 ？

  原 因 ： need workspace access

  权 限 规 则 ： network; read `/tmp/readme.txt`; write `/tmp/out.txt`

› 1. 是 ， 授 予 这 些 权 限  (y)
  2. 是 ， 授 予 这 些 权 限 （ 本 次 会 话 有 效 ）  (a)
  3. 否 ， 跳 过 不 授 予 权 限  (n)

  Press enter 确 认 或  esc 取 消
