---
source: tui_app_server/src/app.rs
expression: model_migration_copy_to_plain_text(&copy)
---
**Codex 已升级，现已提供 gpt-5.3-codex。**

Codex 现已由 gpt-5.3-codex 驱动，这是我们迄今最强的智能编程模型。它专为长时运行、项目级规模的工作打造，支持中途引导与更频繁的进度更新，便于你边运行边协作，而且速度也更快。

了解更多：https://openai.com/index/introducing-gpt-5-3-codex/

如果你愿意，也可以继续使用 gpt-5.1-codex。
