---
source: tui_app_server/src/app.rs
assertion_line: 7860
expression: rendered
---
╭───────────────────────────────────────────────╮
│ >_ OpenAI Codex (v<VERSION>)                  │
│                                               │
│ 模型:     gpt-5.4 极高   极速   /model 以切换 │
│ 目录:     /tmp/project                        │
╰───────────────────────────────────────────────╯
