---
source: tui_app_server/src/history_cell.rs
assertion_line: 2776
expression: rendered
---
╭─────────────────────────────────────╮
│ >_ OpenAI Codex (v0.0.1)            │
│                                     │
│ model:     gpt-5   /model to change │
│ directory: /tmp/project             │
╰─────────────────────────────────────╯

  Tip: Model just became available
