---
source: tui_app_server/src/bottom_pane/request_user_input/mod.rs
expression: "render_snapshot(&overlay, area)"
---
                                                                                                                        
  问 题  1/1（ 1 个 未 回 答 ）                                                                                                 
  Share details.                                                                                                        
                                                                                                                        
  › 输 入 你 的 回 答 （ 可 选 ）                                                                                                 
                                                                                                                        
                                                                                                                        
                                                                                                                        
  Enter 提 交 当 前 回 答  | Esc 中 断
