---
source: tui/src/chatwidget/tests/mcp_startup.rs
expression: normalize_snapshot_paths(term.backend().vt100().screen().contents())
---
⚠ `alpha` 的 MCP 客户端启动失败: handshake failed
⚠ MCP 启动未完成（失败：alpha）

  .------------.
  | 轻轻漂来。 |
  '------------.
    \
  }~   ~{
  ( ^..^ )
   \__/
  Ripple ★ 常见 美西螈 · 坐立不安

› 让 Codex 帮你做任何事

  gpt-5.5 默认 · 已用 0% · /tmp/project
