---
source: tui/src/chatwidget/tests/exec_flow.rs
expression: normalized_backend_snapshot(terminal.backend())
---
"                                                                                "
"• 处理中 (0s • esc 中断)                                                        " Hidden by multi-width symbols: [(3, " "), (5, " "), (7, " "), (20, " "), (22, " ")]
"  .-----------------------------------.                                         "
"  | drifts up through the footer with |                                         "
"  | impeccable manners                |                                         "
"  '-----------------------------------.                                         "
"    \                                                                           "
"   .---.                                                                        "
"  ( ^ ^ )                                                                       "
"  / ~~~ \\                                                                      "
"  Echo ★ common ghost · visible · fidgety                                       "
"  peak PATIENCE 74 · none · sleepy eyes · hatching · pets 0                     "
"                                                                                "
"                                                                                "
"› Ask Codex to do anything                                                      "
"                                                                                "
"  gpt-5.3-codex default · 100% left · /tmp/project                              "
