---
source: tui/src/chatwidget/tests/guardian.rs
expression: normalize_snapshot_paths(term.backend().vt100().screen().contents())
---

✗
• 处理中s(0s • esc 中断)
  .-----------------------------------.
  | 像在水里一样轻轻漂来。                       |
  '-----------------------------------.
    \
  }~   ~{
  ( ^..^ )
   \__/
  Ripple ★ 常见 美西螈 · 坐立不安


› Ask Codex to do anything

  gpt-5.3-codex 默认 · 剩余 100% · /tmp/project
