---
source: tui/src/chatwidget/tests/popups_and_settings.rs
expression: popup
---
  Select Reasoning Level for gpt-5.1-codex-max

  1. Low                   响 应 更 快 ， 推 理 更 轻 量
  2. Medium (default)      兼 顾 速 度 与 推 理 深 度 ， 适 合 日 常 任 务
  3. High                  为 复 杂 问 题 提 供 更 深 层 的 推 理
› 4. Extra high (current)  为 复 杂 问 题 提 供 超 深 度 推 理
                           ⚠ Extra high reasoning effort can quickly consume
                           Plus plan rate limits.

  按  enter 确 认 或 按  esc 返 回
