---
source: tui/src/chatwidget/tests.rs
expression: terminal.backend()
---
"                                                                                "
"• 处理中 (0秒 • esc 可中断) · 1 个后台终端运行中 · /ps 查看 · /stop 关闭        " Hidden by multi-width symbols: [(3, " "), (5, " "), (7, " "), (12, " "), (21, " "), (23, " "), (25, " "), (33, " "), (35, " "), (37, " "), (39, " "), (41, " "), (43, " "), (45, " "), (47, " "), (56, " "), (58, " "), (69, " "), (71, " ")]
"                                                                                "
"                                                                                "
"› 让 Codex 处理任何事情                                                         " Hidden by multi-width symbols: [(3, " "), (12, " "), (14, " "), (16, " "), (18, " "), (20, " "), (22, " ")]
"                                                                                "
"  ? 查看快捷键                                                 剩余上下文 100%  " Hidden by multi-width symbols: [(5, " "), (7, " "), (9, " "), (11, " "), (13, " "), (64, " "), (66, " "), (68, " "), (70, " "), (72, " ")]
