---
source: tui/src/chatwidget/tests.rs
expression: strip_osc8_for_snapshot(&popup)
---
  插 件
  Figma · 已 安 装  · ChatGPT Marketplace
  Turn Figma files into implementation context.

› 1. 返 回 插 件 列 表   返 回 插 件 列 表 。
  2. 卸 载 插 件       立 即 卸 载 此 插 件 。
     技 能           design-review, extract-copy
     应 用           Figma, Slack
     MCP 服 务 器     figma-mcp, docs-mcp

  按  Esc 关 闭 。
