---
source: tui/src/chatwidget/tests/status_and_layout.rs
assertion_line: 1050
expression: normalized_backend_snapshot(terminal.backend())
---
"                                                                                "
"  .------------.                                                                "
"  | 轻轻漂来。 |                                                                " Hidden by multi-width symbols: [(5, " "), (7, " "), (9, " "), (11, " "), (13, " ")]
"  '------------.                                                                "
"    \                                                                           "
"  }~   ~{                                                                       "
"  ( ^..^ )                                                                      "
"   \__/                                                                         "
"  Ripple ★ 常见 美西螈 · 坐立不安                                               " Hidden by multi-width symbols: [(12, " "), (14, " "), (17, " "), (19, " "), (21, " "), (26, " "), (28, " "), (30, " "), (32, " ")]
"                                                                                "
"› Ask Codex to do anything                                                      "
"                                                                                "
"  gpt-5.3-codex 中                               计划模式 (shift+tab 切换模式)  " Hidden by multi-width symbols: [(17, " "), (50, " "), (52, " "), (54, " "), (56, " "), (70, " "), (72, " "), (74, " "), (76, " ")]
