---
source: tui/src/chatwidget/tests/status_and_layout.rs
expression: normalize_snapshot_paths(term.backend().vt100().screen().contents())
---

















• I’m going to search the repo for where “Change Approved” is rendered to update
  that view.

• Explored
  └ Search Change Approved
    Read diff_render.rs

• Investigating rendering code (0s • esc 中断)
  .-----------------------------------.
  | drifts up through the footer with |
  | impeccable manners                |
  '-----------------------------------.
    \
   .---.
  ( ^ ^ )
  / ~~~ \\
  Echo ★ common ghost · visible · fidgety
  peak PATIENCE 74 · none · sleepy eyes · hatching · pets 0


› Summarize recent commits

  tab 排队消息                                                 剩余上下文 100%
