---
source: tui/src/chatwidget/tests/status_and_layout.rs
assertion_line: 492
expression: popup
---
  Approaching rate limits
  Switch to gpt-5.1-codex-mini for lower credit usage?

› 1. Switch to gpt-5.1-codex-mini           为  Codex 优 化 。 更 便 宜 、 更 快 ， 但 能
                                            力 稍 弱 。
  2. Keep current model
  3. Keep current model (never show again)  Hide future rate limit reminders
                                            about switching models.

  Press enter to confirm or esc to go back
