---
source: tui/src/chatwidget/tests/slash_commands.rs
expression: normalized_backend_snapshot(terminal.backend())
---
"                                                                                                    "
"ZTeam Mission Board                                                                                 "
"╭──────────────────────────────────────────────────────────────────────────────────────────────────╮"
"│ Mission                                                                                          │"
"│ 目标：统一设置页协作流并补齐恢复语义                                                             │" Hidden by multi-width symbols: [(3, " "), (5, " "), (7, " "), (9, " "), (11, " "), (13, " "), (15, " "), (17, " "), (19, " "), (21, " "), (23, " "), (25, " "), (27, " "), (29, " "), (31, " "), (33, " "), (35, " "), (37, " ")]
"│ 模式：parallel · 阶段：bootstrapping · Cycle：1                                                  │" Hidden by multi-width symbols: [(3, " "), (5, " "), (7, " "), (20, " "), (22, " "), (24, " "), (47, " ")]
"│ 整体状态：Android 前端、后端 需要再附着。运行 `/zteam attach` 尝试恢复最近的 worker 连接。       │" Hidden by multi-width symbols: [(3, " "), (5, " "), (7, " "), (9, " "), (11, " "), (21, " "), (23, " "), (25, " "), (27, " "), (29, " "), (32, " "), (34, " "), (36, " "), (38, " "), (40, " "), (42, " "), (44, " "), (46, " "), (65, " "), (67, " "), (69, " "), (71, " "), (73, " "), (75, " "), (77, " "), (87, " "), (89, " "), (91, " ")]
"│ 外部 adapter：frontend => zteam-frontend，backend => zteam-backend                               │" Hidden by multi-width symbols: [(3, " "), (5, " "), (15, " "), (43, " ")]
"│                                                                                                  │"
"│ Acceptance                                                                                       │"
"│ • [已满足] 目标已拆成可执行的协作分工                                                            │" Hidden by multi-width symbols: [(6, " "), (8, " "), (10, " "), (14, " "), (16, " "), (18, " "), (20, " "), (22, " "), (24, " "), (26, " "), (28, " "), (30, " "), (32, " "), (34, " "), (36, " "), (38, " ")]
"│ • [已满足] 需要参与的 worker 已回流阶段结果                                                      │" Hidden by multi-width symbols: [(6, " "), (8, " "), (10, " "), (14, " "), (16, " "), (18, " "), (20, " "), (22, " "), (32, " "), (34, " "), (36, " "), (38, " "), (40, " "), (42, " "), (44, " ")]
"│ • [待验证] 主线程已形成验证结论或下一轮动作                                                      │" Hidden by multi-width symbols: [(6, " "), (8, " "), (10, " "), (14, " "), (16, " "), (18, " "), (20, " "), (22, " "), (24, " "), (26, " "), (28, " "), (30, " "), (32, " "), (34, " "), (36, " "), (38, " "), (40, " "), (42, " "), (44, " ")]
"│                                                                                                  │"
"│ Worker Assignments                                                                               │"
"│ Android 前端：待再附着 · /root/frontend · 00000000-0000-0000-0000-000000000010                   │" Hidden by multi-width symbols: [(11, " "), (13, " "), (15, " "), (17, " "), (19, " "), (21, " "), (23, " ")]
"│   来源：本地 subagent                                                                            │" Hidden by multi-width symbols: [(5, " "), (7, " "), (9, " "), (11, " "), (13, " ")]
"│   当前职责：负责 UI/交互侧推进                                                                   │" Hidden by multi-width symbols: [(5, " "), (7, " "), (9, " "), (11, " "), (13, " "), (15, " "), (17, " "), (23, " "), (25, " "), (27, " "), (29, " "), (31, " ")]
"│   当前分派：拆解并推进前端侧工作：统一设置页协作流并补齐恢复语义                                 │" Hidden by multi-width symbols: [(5, " "), (7, " "), (9, " "), (11, " "), (13, " "), (15, " "), (17, " "), (19, " "), (21, " "), (23, " "), (25, " "), (27, " "), (29, " "), (31, " "), (33, " "), (35, " "), (37, " "), (39, " "), (41, " "), (43, " "), (45, " "), (47, " "), (49, " "), (51, " "), (53, " "), (55, " "), (57, " "), (59, " "), (61, " "), (63, " "), (65, " ")]
"│   最近结果：前端阶段结果：等待重新附着。                                                         │" Hidden by multi-width symbols: [(5, " "), (7, " "), (9, " "), (11, " "), (13, " "), (15, " "), (17, " "), (19, " "), (21, " "), (23, " "), (25, " "), (27, " "), (29, " "), (31, " "), (33, " "), (35, " "), (37, " "), (39, " "), (41, " ")]
"│ 后端：待再附着 · /root/backend · 00000000-0000-0000-0000-000000000020                            │" Hidden by multi-width symbols: [(3, " "), (5, " "), (7, " "), (9, " "), (11, " "), (13, " "), (15, " ")]
"│   来源：本地 subagent                                                                            │" Hidden by multi-width symbols: [(5, " "), (7, " "), (9, " "), (11, " "), (13, " ")]
"│   当前职责：负责接口/数据侧推进                                                                  │" Hidden by multi-width symbols: [(5, " "), (7, " "), (9, " "), (11, " "), (13, " "), (15, " "), (17, " "), (19, " "), (21, " "), (24, " "), (26, " "), (28, " "), (30, " "), (32, " ")]
"│   当前分派：拆解并推进后端侧工作：统一设置页协作流并补齐恢复语义                                 │" Hidden by multi-width symbols: [(5, " "), (7, " "), (9, " "), (11, " "), (13, " "), (15, " "), (17, " "), (19, " "), (21, " "), (23, " "), (25, " "), (27, " "), (29, " "), (31, " "), (33, " "), (35, " "), (37, " "), (39, " "), (41, " "), (43, " "), (45, " "), (47, " "), (49, " "), (51, " "), (53, " "), (55, " "), (57, " "), (59, " "), (61, " "), (63, " "), (65, " ")]
"│   最近结果：后端阶段结果：等待重新附着。                                                         │" Hidden by multi-width symbols: [(5, " "), (7, " "), (9, " "), (11, " "), (13, " "), (15, " "), (17, " "), (19, " "), (21, " "), (23, " "), (25, " "), (27, " "), (29, " "), (31, " "), (33, " "), (35, " "), (37, " "), (39, " "), (41, " ")]
"│                                                                                                  │"
"│ Validation                                                                                       │"
"│ 验证概览：尚未形成验证结论。                                                                     │" Hidden by multi-width symbols: [(3, " "), (5, " "), (7, " "), (9, " "), (11, " "), (13, " "), (15, " "), (17, " "), (19, " "), (21, " "), (23, " "), (25, " "), (27, " "), (29, " ")]
"│ 阻塞：Android 前端、后端 的最近线程当前未附着；先运行 `/zteam attach` 尝试重新附着，必要时再用   │" Hidden by multi-width symbols: [(3, " "), (5, " "), (7, " "), (17, " "), (19, " "), (21, " "), (23, " "), (25, " "), (28, " "), (30, " "), (32, " "), (34, " "), (36, " "), (38, " "), (40, " "), (42, " "), (44, " "), (46, " "), (48, " "), (50, " "), (52, " "), (54, " "), (73, " "), (75, " "), (77, " "), (79, " "), (81, " "), (83, " "), (85, " "), (87, " "), (89, " "), (91, " "), (93, " "), (95, " ")]
"│   `/zteam start <goal>` 重建 worker。                                                            │" Hidden by multi-width symbols: [(27, " "), (29, " "), (38, " ")]
"│ 下一步：等待需要参与的 worker 进入协作上下文                                                     │" Hidden by multi-width symbols: [(3, " "), (5, " "), (7, " "), (9, " "), (11, " "), (13, " "), (15, " "), (17, " "), (19, " "), (21, " "), (23, " "), (33, " "), (35, " "), (37, " "), (39, " "), (41, " "), (43, " "), (45, " ")]
"│ 阶段结果：暂无回流结果。                                                                         │" Hidden by multi-width symbols: [(3, " "), (5, " "), (7, " "), (9, " "), (11, " "), (13, " "), (15, " "), (17, " "), (19, " "), (21, " "), (23, " "), (25, " ")]
"│                                                                                                  │"
"│ Activity                                                                                         │"
"│ • 已恢复 后端 worker 的最近状态；线程 00000000-0000-0000-0000-000000000020 当前未附着，可运行 `/ │" Hidden by multi-width symbols: [(5, " "), (7, " "), (9, " "), (12, " "), (14, " "), (24, " "), (26, " "), (28, " "), (30, " "), (32, " "), (34, " "), (36, " "), (38, " "), (78, " "), (80, " "), (82, " "), (84, " "), (86, " "), (88, " "), (90, " "), (92, " "), (94, " ")]
"│   zteam attach` 再附着。                                                                         │" Hidden by multi-width symbols: [(19, " "), (21, " "), (23, " "), (25, " ")]
"│ • 已恢复 Android 前端 worker 的最近状态；线程 00000000-0000-0000-0000-000000000010 当前未附着，  │" Hidden by multi-width symbols: [(5, " "), (7, " "), (9, " "), (20, " "), (22, " "), (32, " "), (34, " "), (36, " "), (38, " "), (40, " "), (42, " "), (44, " "), (46, " "), (86, " "), (88, " "), (90, " "), (92, " "), (94, " "), (96, " ")]
"│   可运行 `/zteam attach` 再附着。                                                                │" Hidden by multi-width symbols: [(5, " "), (7, " "), (9, " "), (28, " "), (30, " "), (32, " "), (34, " ")]
"│ • 当前 mission：统一设置页协作流并补齐恢复语义。模式：parallel；下一步：等待两个 worker 都进入协 │" Hidden by multi-width symbols: [(5, " "), (7, " "), (17, " "), (19, " "), (21, " "), (23, " "), (25, " "), (27, " "), (29, " "), (31, " "), (33, " "), (35, " "), (37, " "), (39, " "), (41, " "), (43, " "), (45, " "), (47, " "), (49, " "), (51, " "), (53, " "), (55, " "), (65, " "), (67, " "), (69, " "), (71, " "), (73, " "), (75, " "), (77, " "), (79, " "), (81, " "), (91, " "), (93, " "), (95, " "), (97, " ")]
"│   作上下文，再开始首轮并行分派。                                                                 │" Hidden by multi-width symbols: [(5, " "), (7, " "), (9, " "), (11, " "), (13, " "), (15, " "), (17, " "), (19, " "), (21, " "), (23, " "), (25, " "), (27, " "), (29, " "), (31, " "), (33, " ")]
"│ • 主线程已提交创建 frontend/backend worker 的启动指令。等待 spawn 事件注册；若长时间无变化，请检 │" Hidden by multi-width symbols: [(5, " "), (7, " "), (9, " "), (11, " "), (13, " "), (15, " "), (17, " "), (19, " "), (46, " "), (48, " "), (50, " "), (52, " "), (54, " "), (56, " "), (58, " "), (60, " "), (69, " "), (71, " "), (73, " "), (75, " "), (77, " "), (79, " "), (81, " "), (83, " "), (85, " "), (87, " "), (89, " "), (91, " "), (93, " "), (95, " "), (97, " ")]
"│   查主线程是否真正调用了 `spawn_agent`。                                                         │" Hidden by multi-width symbols: [(5, " "), (7, " "), (9, " "), (11, " "), (13, " "), (15, " "), (17, " "), (19, " "), (21, " "), (23, " "), (25, " "), (41, " ")]
"╰──────────────────────────────────────────────────────────────────────────────────────────────────╯"
"Esc 关闭 · /zteam start <goal> 启动 · /zteam attach 恢复 · /zteam relay override                    " Hidden by multi-width symbols: [(5, " "), (7, " "), (32, " "), (34, " "), (53, " "), (55, " ")]
