---
source: tui/src/chatwidget/tests/status_and_layout.rs
expression: normalized_backend_snapshot(terminal.backend())
---
"                                                                                "
"  .-----------------------------------.                                         "
"  | drifts up through the footer with |                                         "
"  | impeccable manners                |                                         "
"  '-----------------------------------.                                         "
"    \                                                                           "
"   .---.                                                                        "
"  ( ^ ^ )                                                                       "
"  / ~~~ \\                                                                      "
"  Echo ★ common ghost · visible · fidgety                                       "
"  peak PATIENCE 74 · none · sleepy eyes · hatching · pets 0                     "
"                                                                                "
"                                                                                "
"› Ask Codex to do anything                                                      "
"                                                                                "
"  Fast on                                                                       "
