---
source: tui/src/chatwidget/tests/popups_and_settings.rs
expression: popup
---
  选 择 模 型 与 推 理 级 别
  可 通 过  `codex -m <model_name>` 或  `config.toml` 使 用 旧 模 型 。

  1. gpt-5.5 (默 认 )  面 向 复 杂 编 程 、 研 究 与 真 实 世 界 工 作 的 前 沿 模 型 。
  2. gpt-5.4         适 合 日 常 编 程 任 务 的 强 力 模 型 。
  3. gpt-5.4-mini    小 巧 、 快 速 且 成 本 高 效 ， 适 合 较 简 单 的 编 程 任 务 。
  4. gpt-5.3-codex   面 向 编 程 优 化 的 模 型 。
› 5. gpt-5.2 (当 前 )  针 对 专 业 工 作 和 长 时 运 行  agent 优 化 。

  按  enter 选 择 推 理 级 别 ， 或 按  esc 关 闭 。
