---
source: tui/src/chatwidget/tests.rs
expression: terminal.backend()
---
"                                                                                "
"• Booting MCP server: alpha (0s • esc 可中断)                                   " Hidden by multi-width symbols: [(39, " "), (41, " "), (43, " ")]
"                                                                                "
"                                                                                "
"› 让 Codex 处理任何事情                                                         " Hidden by multi-width symbols: [(3, " "), (12, " "), (14, " "), (16, " "), (18, " "), (20, " "), (22, " ")]
"                                                                                "
"  ? 查看快捷键                                                 剩余上下文 100%  " Hidden by multi-width symbols: [(5, " "), (7, " "), (9, " "), (11, " "), (13, " "), (64, " "), (66, " "), (68, " "), (70, " "), (72, " ")]
