---
source: tui/src/chatwidget/tests/slash_commands.rs
assertion_line: 507
expression: normalized_backend_snapshot(terminal.backend())
---
"                                                                                                    "
"ZTeam 工作台                                                                                        " Hidden by multi-width symbols: [(7, " "), (9, " "), (11, " ")]
"╭──────────────────────────────────────────────────────────────────────────────────────────────────╮"
"│ 概况                                                                                             │" Hidden by multi-width symbols: [(3, " "), (5, " ")]
"│ 整体状态：frontend/ios/backend worker 已就绪，可继续分派任务或转发消息。                         │" Hidden by multi-width symbols: [(3, " "), (5, " "), (7, " "), (9, " "), (11, " "), (41, " "), (43, " "), (45, " "), (47, " "), (49, " "), (51, " "), (53, " "), (55, " "), (57, " "), (59, " "), (61, " "), (63, " "), (65, " "), (67, " "), (69, " "), (71, " "), (73, " ")]
"│                                                                                                  │"
"│ Worker 面板                                                                                      │" Hidden by multi-width symbols: [(10, " "), (12, " ")]
"│ Android 前端：已附着 · /root/frontend · 00000000-0000-0000-0000-000000000010                     │" Hidden by multi-width symbols: [(11, " "), (13, " "), (15, " "), (17, " "), (19, " "), (21, " ")]
"│   来源：本地 subagent                                                                            │" Hidden by multi-width symbols: [(5, " "), (7, " "), (9, " "), (11, " "), (13, " ")]
"│   最近任务：修复导航栏布局                                                                       │" Hidden by multi-width symbols: [(5, " "), (7, " "), (9, " "), (11, " "), (13, " "), (15, " "), (17, " "), (19, " "), (21, " "), (23, " "), (25, " "), (27, " ")]
"│   最近结果：前端阶段结果：工作台布局已完成，并补上移动端断点。                                   │" Hidden by multi-width symbols: [(5, " "), (7, " "), (9, " "), (11, " "), (13, " "), (15, " "), (17, " "), (19, " "), (21, " "), (23, " "), (25, " "), (27, " "), (29, " "), (31, " "), (33, " "), (35, " "), (37, " "), (39, " "), (41, " "), (43, " "), (45, " "), (47, " "), (49, " "), (51, " "), (53, " "), (55, " "), (57, " "), (59, " "), (61, " "), (63, " ")]
"│ iOS 前端：已附着 · /root/ios · 00000000-0000-0000-0000-000000000015                              │" Hidden by multi-width symbols: [(7, " "), (9, " "), (11, " "), (13, " "), (15, " "), (17, " ")]
"│   来源：本地 subagent                                                                            │" Hidden by multi-width symbols: [(5, " "), (7, " "), (9, " "), (11, " "), (13, " ")]
"│   最近任务：修复 iOS 列表滚动卡顿                                                                │" Hidden by multi-width symbols: [(5, " "), (7, " "), (9, " "), (11, " "), (13, " "), (15, " "), (17, " "), (24, " "), (26, " "), (28, " "), (30, " "), (32, " "), (34, " ")]
"│   最近结果：iOS 阶段结果：列表滚动卡顿已修复，并统一了安全区间距。                               │" Hidden by multi-width symbols: [(5, " "), (7, " "), (9, " "), (11, " "), (13, " "), (19, " "), (21, " "), (23, " "), (25, " "), (27, " "), (29, " "), (31, " "), (33, " "), (35, " "), (37, " "), (39, " "), (41, " "), (43, " "), (45, " "), (47, " "), (49, " "), (51, " "), (53, " "), (55, " "), (57, " "), (59, " "), (61, " "), (63, " "), (65, " "), (67, " ")]
"│ 后端：已附着 · /root/backend · 00000000-0000-0000-0000-000000000020                              │" Hidden by multi-width symbols: [(3, " "), (5, " "), (7, " "), (9, " "), (11, " "), (13, " ")]
"│   来源：本地 subagent                                                                            │" Hidden by multi-width symbols: [(5, " "), (7, " "), (9, " "), (11, " "), (13, " ")]
"│   最近任务：对齐接口字段                                                                         │" Hidden by multi-width symbols: [(5, " "), (7, " "), (9, " "), (11, " "), (13, " "), (15, " "), (17, " "), (19, " "), (21, " "), (23, " "), (25, " ")]
"│   最近结果：后端阶段结果：接口字段已统一，并补齐错误态返回。                                     │" Hidden by multi-width symbols: [(5, " "), (7, " "), (9, " "), (11, " "), (13, " "), (15, " "), (17, " "), (19, " "), (21, " "), (23, " "), (25, " "), (27, " "), (29, " "), (31, " "), (33, " "), (35, " "), (37, " "), (39, " "), (41, " "), (43, " "), (45, " "), (47, " "), (49, " "), (51, " "), (53, " "), (55, " "), (57, " "), (59, " "), (61, " ")]
"│                                                                                                  │"
"│ 任务板                                                                                           │" Hidden by multi-width symbols: [(3, " "), (5, " "), (7, " ")]
"│ Android 前端：修复导航栏布局                                                                     │" Hidden by multi-width symbols: [(11, " "), (13, " "), (15, " "), (17, " "), (19, " "), (21, " "), (23, " "), (25, " "), (27, " "), (29, " ")]
"│ iOS 前端：修复 iOS 列表滚动卡顿                                                                  │" Hidden by multi-width symbols: [(7, " "), (9, " "), (11, " "), (13, " "), (15, " "), (22, " "), (24, " "), (26, " "), (28, " "), (30, " "), (32, " ")]
"│ 后端：对齐接口字段                                                                               │" Hidden by multi-width symbols: [(3, " "), (5, " "), (7, " "), (9, " "), (11, " "), (13, " "), (15, " "), (17, " "), (19, " ")]
"│                                                                                                  │"
"│ 消息流                                                                                           │" Hidden by multi-width symbols: [(3, " "), (5, " "), (7, " ")]
"│ • Android 前端 -> 后端：对齐接口字段                                                             │" Hidden by multi-width symbols: [(13, " "), (15, " "), (21, " "), (23, " "), (25, " "), (27, " "), (29, " "), (31, " "), (33, " "), (35, " "), (37, " ")]
"│ • 主线程 -> iOS 前端：修复 iOS 列表滚动卡顿                                                      │" Hidden by multi-width symbols: [(5, " "), (7, " "), (9, " "), (19, " "), (21, " "), (23, " "), (25, " "), (27, " "), (34, " "), (36, " "), (38, " "), (40, " "), (42, " "), (44, " ")]
"│ • 主线程 -> Android 前端：修复导航栏布局                                                         │" Hidden by multi-width symbols: [(5, " "), (7, " "), (9, " "), (23, " "), (25, " "), (27, " "), (29, " "), (31, " "), (33, " "), (35, " "), (37, " "), (39, " "), (41, " ")]
"│ • 后端 worker 已注册到 `/root/backend`。                                                         │" Hidden by multi-width symbols: [(5, " "), (7, " "), (17, " "), (19, " "), (21, " "), (23, " "), (41, " ")]
"│ • iOS 前端 worker 已注册到 `/root/ios`。                                                         │" Hidden by multi-width symbols: [(9, " "), (11, " "), (21, " "), (23, " "), (25, " "), (27, " "), (41, " ")]
"│ • Android 前端 worker 已注册到 `/root/frontend`。                                                │" Hidden by multi-width symbols: [(13, " "), (15, " "), (25, " "), (27, " "), (29, " "), (31, " "), (50, " ")]
"│                                                                                                  │"
"│ 结果回流                                                                                         │" Hidden by multi-width symbols: [(3, " "), (5, " "), (7, " "), (9, " ")]
"│ • 后端：后端阶段结果：接口字段已统一，并补齐错误态返回。                                         │" Hidden by multi-width symbols: [(5, " "), (7, " "), (9, " "), (11, " "), (13, " "), (15, " "), (17, " "), (19, " "), (21, " "), (23, " "), (25, " "), (27, " "), (29, " "), (31, " "), (33, " "), (35, " "), (37, " "), (39, " "), (41, " "), (43, " "), (45, " "), (47, " "), (49, " "), (51, " "), (53, " "), (55, " "), (57, " ")]
"│ • iOS 前端：iOS 阶段结果：列表滚动卡顿已修复，并统一了安全区间距。                               │" Hidden by multi-width symbols: [(9, " "), (11, " "), (13, " "), (19, " "), (21, " "), (23, " "), (25, " "), (27, " "), (29, " "), (31, " "), (33, " "), (35, " "), (37, " "), (39, " "), (41, " "), (43, " "), (45, " "), (47, " "), (49, " "), (51, " "), (53, " "), (55, " "), (57, " "), (59, " "), (61, " "), (63, " "), (65, " "), (67, " ")]
"│ • Android 前端：前端阶段结果：工作台布局已完成，并补上移动端断点。                               │" Hidden by multi-width symbols: [(13, " "), (15, " "), (17, " "), (19, " "), (21, " "), (23, " "), (25, " "), (27, " "), (29, " "), (31, " "), (33, " "), (35, " "), (37, " "), (39, " "), (41, " "), (43, " "), (45, " "), (47, " "), (49, " "), (51, " "), (53, " "), (55, " "), (57, " "), (59, " "), (61, " "), (63, " "), (65, " "), (67, " ")]
"╰──────────────────────────────────────────────────────────────────────────────────────────────────╯"
"Esc 关闭 · /zteam start 创建 worker · /zteam attach 再附着 · /zteam <worker> <任务>                 " Hidden by multi-width symbols: [(5, " "), (7, " "), (25, " "), (27, " "), (53, " "), (55, " "), (57, " "), (79, " "), (81, " ")]
