---
source: tui/src/chatwidget/tests.rs
expression: popup
---
  选择麦克风
  已保存的设备仅用于实时语音。

  1. 系统默认                                      使用操作系统的默认设备。
›    不可用：Studio Mic（当前）(disabled)           当前无法使用已配置的设备。
                                                   (disabled: 请重新连接该设
                                                   备，或改选其他设备。)
  3. Built-in Mic
  4. USB Mic

  按 enter 确认或 esc 返回
