---
source: tui/src/chatwidget/tests/guardian.rs
assertion_line: 257
expression: normalize_snapshot_paths(rendered)
---
• 正 在 审 查  2 个 批 准 请 求  (0s • esc 中 断 )
  └ • rm -rf '/tmp/guardian target 1'
    • rm -rf '/tmp/guardian target 2'
  .------------.
  | 轻 轻 漂 来 。  |
  '------------.
    \
  }~   ~{
  ( ^..^ )
   \__/
  Ripple ★ 常 见  美 西 螈  · 坐 立 不 安


› Ask Codex to do anything

  gpt-5.3-codex 默 认  · 剩 余  100% · /tmp/project
