---
source: tui/src/chatwidget/tests.rs
expression: terminal.backend().vt100().screen().contents()
---
  ✨ New version available! Would you like to update?

  Full release notes: https://github.com/sohaha/zcodex/releases/latest


› 1. Yes, update now
  2. No, not now
  3. Don't remind me

  按 enter 确认，按 esc 返回
