---
source: tui/src/chatwidget/tests/popups_and_settings.rs
expression: popup
---
  启 用 记 忆 ？
  您 的 当 前 配 置 中 已 禁 用 记 忆 功 能 。

› 1. 是 ， 启 用   立 即 保 存 设 置 ， 需 要 开 启 新 会 话 后 才 能 使 用 。
  2. 暂 不       保 持 记 忆 功 能 关 闭 。

  了 解 更 多 ： https://developers.openai.com/codex/memories
  按  enter 确 认 或 按  esc 返 回
