---
source: tui/src/chatwidget/tests/mcp_guardian.rs
expression: normalize_snapshot_paths(rendered)
---
• Reviewing 2 approval requests (0s • esc 中 断 )
  └ • rm -rf '/tmp/guardian target 1'
    • rm -rf '/tmp/guardian target 2'
  .--------------------------------.
  | 礼 貌 地 从 底 栏 飘 上 来 。                      |
  '--------------------------------.
    \
   .---.
  ( ^ ^ )
  / ~~~ \\
  Echo ★ 常 见  幽 灵  · 可 见  · 坐 立 不 安
  峰 值  耐 心  74 · 无  · 困 倦 眼  · 孵 化 中  · 抚 摸  0


› Ask Codex to do anything

  gpt-5.3-codex default · 100% left · /tmp/project
