---
source: tui/src/chatwidget/tests.rs
expression: term.backend().vt100().screen().contents()
---





✔ Auto-reviewer approved codex to run rm -f /tmp/guardian-approved.sqlite this
  time


› Ask Codex to do anything

  ? 查看快捷键                                                                                         剩余上下文 100%
