---
source: tui/src/chatwidget/tests/guardian.rs
expression: normalize_snapshot_paths(term.backend().vt100().screen().contents())
---







✔ 自动审查器批准 Codex 执行 rm -f /tmp/guardian-approved.sqlite（仅这次）

  .------------.
  | 轻轻漂来。 |
  '------------.
    \
  }~   ~{
  ( ^..^ )
   \__/
  Ripple ★ 常见 美西螈 · 坐立不安

› 让 Codex 帮你做任何事

  gpt-5.5 默认 · 已用 0% · /tmp/project
