---
source: tui/src/chatwidget/tests/mcp_guardian.rs
expression: normalize_snapshot_paths(term.backend().vt100().screen().contents())
---

⚠
  .-----------------------------------.
  | drifts up through the footer with |
  | impeccable manners                |
  '-----------------------------------.
    \
   .---.
  ( ^ ^ )
  / ~~~ \\
  Echo ★ common ghost · visible · fidgety
  peak PATIENCE 74 · none · sleepy eyes · hatching · pets 0


› Ask Codex to do anything

  gpt-5.3-codex default · 100% left · /tmp/project
