---
source: tui/src/chatwidget/tests/status_and_layout.rs
expression: normalize_snapshot_paths(term.backend().vt100().screen().contents())
---

• 处理中 (0s • esc 中断)
  .-----------------------------------.
  | drifts up through the footer with |
  | impeccable manners                |
  '-----------------------------------.
    \
   .---.
  ( ^ ^ )
  / ~~~ \\
  Echo ★ common ghost · visible · fidgety
  peak PATIENCE 74 · none · sleepy eyes · hatching · pets 0

• 排队的后续消息
  ↳ Hello, world! 0
  ↳ Hello, world! 1
  ↳ Hello, world! 2
  ↳ Hello, world! 3
  ↳ Hello, world! 4
  ↳ Hello, world! 5

› Ask Codex to do anything

  gpt-5.3-codex default · 100% left · /tmp/project
